  Determining projects to restore...
  All projects are up-to-date for restore.
  PublicConsultation.Core -> E:\Public Communication\PublicConsultation.Core\bin\Debug\net8.0\PublicConsultation.Core.dll
  PublicConsultation.Infrastructure -> E:\Public Communication\PublicConsultation.Infrastructure\bin\Debug\net8.0\PublicConsultation.Infrastructure.dll
E:\Public Communication\PublicConsultation.BlazorServer\Data\WeatherForecast.cs(11,18): warning CS8632: The annotation for nullable reference types should only be used in code within a '#nullable' annotations context. [E:\Public Communication\PublicConsultation.BlazorServer\PublicConsultation.BlazorServer.csproj]
E:\Public Communication\PublicConsultation.BlazorServer\Pages\Error.cshtml.cs(11,18): warning CS8632: The annotation for nullable reference types should only be used in code within a '#nullable' annotations context. [E:\Public Communication\PublicConsultation.BlazorServer\PublicConsultation.BlazorServer.csproj]
E:\Public Communication\PublicConsultation.BlazorServer\Shared\SurveyPrompt.razor(15,18): warning CS8669: The annotation for nullable reference types should only be used in code within a '#nullable' annotations context. Auto-generated code requires an explicit '#nullable' directive in source. [E:\Public Communication\PublicConsultation.BlazorServer\PublicConsultation.BlazorServer.csproj]
E:\Public Communication\PublicConsultation.BlazorServer\Pages\Account\Login.razor(32,18): warning CS8669: The annotation for nullable reference types should only be used in code within a '#nullable' annotations context. Auto-generated code requires an explicit '#nullable' directive in source. [E:\Public Communication\PublicConsultation.BlazorServer\PublicConsultation.BlazorServer.csproj]
E:\Public Communication\PublicConsultation.BlazorServer\Pages\Admin\Reports\ComparativeStatement.razor(257,43): warning CS8669: The annotation for nullable reference types should only be used in code within a '#nullable' annotations context. Auto-generated code requires an explicit '#nullable' directive in source. [E:\Public Communication\PublicConsultation.BlazorServer\PublicConsultation.BlazorServer.csproj]
E:\Public Communication\PublicConsultation.BlazorServer\Shared\NavMenu.razor(33,19): warning CS8669: The annotation for nullable reference types should only be used in code within a '#nullable' annotations context. Auto-generated code requires an explicit '#nullable' directive in source. [E:\Public Communication\PublicConsultation.BlazorServer\PublicConsultation.BlazorServer.csproj]
E:\Public Communication\PublicConsultation.BlazorServer\Pages\Admin\Reports\ComparativeStatement.razor(177,26): warning CS8669: The annotation for nullable reference types should only be used in code within a '#nullable' annotations context. Auto-generated code requires an explicit '#nullable' directive in source. [E:\Public Communication\PublicConsultation.BlazorServer\PublicConsultation.BlazorServer.csproj]
E:\Public Communication\PublicConsultation.BlazorServer\Pages\Admin\Reports\ComparativeStatement.razor(188,33): warning CS8669: The annotation for nullable reference types should only be used in code within a '#nullable' annotations context. Auto-generated code requires an explicit '#nullable' directive in source. [E:\Public Communication\PublicConsultation.BlazorServer\PublicConsultation.BlazorServer.csproj]
E:\Public Communication\PublicConsultation.BlazorServer\Pages\Admin\Documents\DocumentDetails.razor(85,26): warning CS8669: The annotation for nullable reference types should only be used in code within a '#nullable' annotations context. Auto-generated code requires an explicit '#nullable' directive in source. [E:\Public Communication\PublicConsultation.BlazorServer\PublicConsultation.BlazorServer.csproj]
E:\Public Communication\PublicConsultation.BlazorServer\Pages\Citizen\ConsultationDetail.razor(68,26): warning CS8669: The annotation for nullable reference types should only be used in code within a '#nullable' annotations context. Auto-generated code requires an explicit '#nullable' directive in source. [E:\Public Communication\PublicConsultation.BlazorServer\PublicConsultation.BlazorServer.csproj]
E:\Public Communication\PublicConsultation.BlazorServer\Pages\Admin\Reports\OpinionListDialog.razor(20,78): error CS1061: 'UserAccount' does not contain a definition for 'FullName' and no accessible extension method 'FullName' accepting a first argument of type 'UserAccount' could be found (are you missing a using directive or an assembly reference?) [E:\Public Communication\PublicConsultation.BlazorServer\PublicConsultation.BlazorServer.csproj]
E:\Public Communication\PublicConsultation.BlazorServer\Pages\Account\Register.razor(1,1): warning MUD0002: Illegal Attribute 'Elevation' on 'MudButton' using pattern 'LowerCase' source location '(737,24)-(737,78)' (https://mudblazor.com/features/analyzers) [E:\Public Communication\PublicConsultation.BlazorServer\PublicConsultation.BlazorServer.csproj]
E:\Public Communication\PublicConsultation.BlazorServer\Pages\Account\Login.razor(1,1): warning MUD0002: Illegal Attribute 'Name' on 'MudTextField' using pattern 'LowerCase' source location '(316,20)-(316,73)' (https://mudblazor.com/features/analyzers) [E:\Public Communication\PublicConsultation.BlazorServer\PublicConsultation.BlazorServer.csproj]
E:\Public Communication\PublicConsultation.BlazorServer\Pages\Account\Login.razor(1,1): warning MUD0002: Illegal Attribute 'Name' on 'MudTextField' using pattern 'LowerCase' source location '(371,20)-(371,76)' (https://mudblazor.com/features/analyzers) [E:\Public Communication\PublicConsultation.BlazorServer\PublicConsultation.BlazorServer.csproj]
E:\Public Communication\PublicConsultation.BlazorServer\Pages\Citizen\ActiveConsultations.razor(1,1): warning MUD0002: Illegal Attribute 'Lines' on 'MudText' using pattern 'LowerCase' source location '(586,32)-(586,82)' (https://mudblazor.com/features/analyzers) [E:\Public Communication\PublicConsultation.BlazorServer\PublicConsultation.BlazorServer.csproj]
E:\Public Communication\PublicConsultation.BlazorServer\Pages\Admin\Documents\DocumentList.razor(1,1): warning MUD0002: Illegal Attribute 'Tooltip' on 'MudIconButton' using pattern 'LowerCase' source location '(559,24)-(559,87)' (https://mudblazor.com/features/analyzers) [E:\Public Communication\PublicConsultation.BlazorServer\PublicConsultation.BlazorServer.csproj]
E:\Public Communication\PublicConsultation.BlazorServer\Pages\Admin\Documents\DocumentList.razor(1,1): warning MUD0002: Illegal Attribute 'Tooltip' on 'MudIconButton' using pattern 'LowerCase' source location '(805,24)-(805,81)' (https://mudblazor.com/features/analyzers) [E:\Public Communication\PublicConsultation.BlazorServer\PublicConsultation.BlazorServer.csproj]
E:\Public Communication\PublicConsultation.BlazorServer\Pages\Admin\Documents\DocumentList.razor(1,1): warning MUD0002: Illegal Attribute 'Tooltip' on 'MudIconButton' using pattern 'LowerCase' source location '(647,24)-(647,88)' (https://mudblazor.com/features/analyzers) [E:\Public Communication\PublicConsultation.BlazorServer\PublicConsultation.BlazorServer.csproj]
E:\Public Communication\PublicConsultation.BlazorServer\Pages\Admin\Documents\DocumentList.razor(1,1): warning MUD0002: Illegal Attribute 'Tooltip' on 'MudIconButton' using pattern 'LowerCase' source location '(743,24)-(743,101)' (https://mudblazor.com/features/analyzers) [E:\Public Communication\PublicConsultation.BlazorServer\PublicConsultation.BlazorServer.csproj]

Build FAILED.

E:\Public Communication\PublicConsultation.BlazorServer\Data\WeatherForecast.cs(11,18): warning CS8632: The annotation for nullable reference types should only be used in code within a '#nullable' annotations context. [E:\Public Communication\PublicConsultation.BlazorServer\PublicConsultation.BlazorServer.csproj]
E:\Public Communication\PublicConsultation.BlazorServer\Pages\Error.cshtml.cs(11,18): warning CS8632: The annotation for nullable reference types should only be used in code within a '#nullable' annotations context. [E:\Public Communication\PublicConsultation.BlazorServer\PublicConsultation.BlazorServer.csproj]
E:\Public Communication\PublicConsultation.BlazorServer\Shared\SurveyPrompt.razor(15,18): warning CS8669: The annotation for nullable reference types should only be used in code within a '#nullable' annotations context. Auto-generated code requires an explicit '#nullable' directive in source. [E:\Public Communication\PublicConsultation.BlazorServer\PublicConsultation.BlazorServer.csproj]
E:\Public Communication\PublicConsultation.BlazorServer\Pages\Account\Login.razor(32,18): warning CS8669: The annotation for nullable reference types should only be used in code within a '#nullable' annotations context. Auto-generated code requires an explicit '#nullable' directive in source. [E:\Public Communication\PublicConsultation.BlazorServer\PublicConsultation.BlazorServer.csproj]
E:\Public Communication\PublicConsultation.BlazorServer\Pages\Admin\Reports\ComparativeStatement.razor(257,43): warning CS8669: The annotation for nullable reference types should only be used in code within a '#nullable' annotations context. Auto-generated code requires an explicit '#nullable' directive in source. [E:\Public Communication\PublicConsultation.BlazorServer\PublicConsultation.BlazorServer.csproj]
E:\Public Communication\PublicConsultation.BlazorServer\Shared\NavMenu.razor(33,19): warning CS8669: The annotation for nullable reference types should only be used in code within a '#nullable' annotations context. Auto-generated code requires an explicit '#nullable' directive in source. [E:\Public Communication\PublicConsultation.BlazorServer\PublicConsultation.BlazorServer.csproj]
E:\Public Communication\PublicConsultation.BlazorServer\Pages\Admin\Reports\ComparativeStatement.razor(177,26): warning CS8669: The annotation for nullable reference types should only be used in code within a '#nullable' annotations context. Auto-generated code requires an explicit '#nullable' directive in source. [E:\Public Communication\PublicConsultation.BlazorServer\PublicConsultation.BlazorServer.csproj]
E:\Public Communication\PublicConsultation.BlazorServer\Pages\Admin\Reports\ComparativeStatement.razor(188,33): warning CS8669: The annotation for nullable reference types should only be used in code within a '#nullable' annotations context. Auto-generated code requires an explicit '#nullable' directive in source. [E:\Public Communication\PublicConsultation.BlazorServer\PublicConsultation.BlazorServer.csproj]
E:\Public Communication\PublicConsultation.BlazorServer\Pages\Admin\Documents\DocumentDetails.razor(85,26): warning CS8669: The annotation for nullable reference types should only be used in code within a '#nullable' annotations context. Auto-generated code requires an explicit '#nullable' directive in source. [E:\Public Communication\PublicConsultation.BlazorServer\PublicConsultation.BlazorServer.csproj]
E:\Public Communication\PublicConsultation.BlazorServer\Pages\Citizen\ConsultationDetail.razor(68,26): warning CS8669: The annotation for nullable reference types should only be used in code within a '#nullable' annotations context. Auto-generated code requires an explicit '#nullable' directive in source. [E:\Public Communication\PublicConsultation.BlazorServer\PublicConsultation.BlazorServer.csproj]
E:\Public Communication\PublicConsultation.BlazorServer\Pages\Account\Register.razor(1,1): warning MUD0002: Illegal Attribute 'Elevation' on 'MudButton' using pattern 'LowerCase' source location '(737,24)-(737,78)' (https://mudblazor.com/features/analyzers) [E:\Public Communication\PublicConsultation.BlazorServer\PublicConsultation.BlazorServer.csproj]
E:\Public Communication\PublicConsultation.BlazorServer\Pages\Account\Login.razor(1,1): warning MUD0002: Illegal Attribute 'Name' on 'MudTextField' using pattern 'LowerCase' source location '(316,20)-(316,73)' (https://mudblazor.com/features/analyzers) [E:\Public Communication\PublicConsultation.BlazorServer\PublicConsultation.BlazorServer.csproj]
E:\Public Communication\PublicConsultation.BlazorServer\Pages\Account\Login.razor(1,1): warning MUD0002: Illegal Attribute 'Name' on 'MudTextField' using pattern 'LowerCase' source location '(371,20)-(371,76)' (https://mudblazor.com/features/analyzers) [E:\Public Communication\PublicConsultation.BlazorServer\PublicConsultation.BlazorServer.csproj]
E:\Public Communication\PublicConsultation.BlazorServer\Pages\Citizen\ActiveConsultations.razor(1,1): warning MUD0002: Illegal Attribute 'Lines' on 'MudText' using pattern 'LowerCase' source location '(586,32)-(586,82)' (https://mudblazor.com/features/analyzers) [E:\Public Communication\PublicConsultation.BlazorServer\PublicConsultation.BlazorServer.csproj]
E:\Public Communication\PublicConsultation.BlazorServer\Pages\Admin\Documents\DocumentList.razor(1,1): warning MUD0002: Illegal Attribute 'Tooltip' on 'MudIconButton' using pattern 'LowerCase' source location '(559,24)-(559,87)' (https://mudblazor.com/features/analyzers) [E:\Public Communication\PublicConsultation.BlazorServer\PublicConsultation.BlazorServer.csproj]
E:\Public Communication\PublicConsultation.BlazorServer\Pages\Admin\Documents\DocumentList.razor(1,1): warning MUD0002: Illegal Attribute 'Tooltip' on 'MudIconButton' using pattern 'LowerCase' source location '(805,24)-(805,81)' (https://mudblazor.com/features/analyzers) [E:\Public Communication\PublicConsultation.BlazorServer\PublicConsultation.BlazorServer.csproj]
E:\Public Communication\PublicConsultation.BlazorServer\Pages\Admin\Documents\DocumentList.razor(1,1): warning MUD0002: Illegal Attribute 'Tooltip' on 'MudIconButton' using pattern 'LowerCase' source location '(647,24)-(647,88)' (https://mudblazor.com/features/analyzers) [E:\Public Communication\PublicConsultation.BlazorServer\PublicConsultation.BlazorServer.csproj]
E:\Public Communication\PublicConsultation.BlazorServer\Pages\Admin\Documents\DocumentList.razor(1,1): warning MUD0002: Illegal Attribute 'Tooltip' on 'MudIconButton' using pattern 'LowerCase' source location '(743,24)-(743,101)' (https://mudblazor.com/features/analyzers) [E:\Public Communication\PublicConsultation.BlazorServer\PublicConsultation.BlazorServer.csproj]
E:\Public Communication\PublicConsultation.BlazorServer\Pages\Admin\Reports\OpinionListDialog.razor(20,78): error CS1061: 'UserAccount' does not contain a definition for 'FullName' and no accessible extension method 'FullName' accepting a first argument of type 'UserAccount' could be found (are you missing a using directive or an assembly reference?) [E:\Public Communication\PublicConsultation.BlazorServer\PublicConsultation.BlazorServer.csproj]
    18 Warning(s)
    1 Error(s)

Time Elapsed 00:00:04.27
